// Vitest Snapshot v1, https://vitest.dev/guide/snapshot.html

exports[`Polkadot Bridge Hub Accounts > transfer_allow_death > transfer of some funds does not kill sender account > events when Alice transfers 1 ED to Bob with sufficient balance 1`] = `
[
  {
    "data": {
      "amount": "(rounded 16000000)",
      "who": "14iZ76XKqvAgLe4LLRRs6L93BE5779pSNQSWvkX1zXG4YvZ4",
    },
    "method": "Withdraw",
    "section": "balances",
  },
  {
    "data": {
      "account": "12EqLbWZe5jLsfgESG7L7kaNm2fDjKRpSh1AXu9bQdN2k6vH",
    },
    "method": "NewAccount",
    "section": "system",
  },
  {
    "data": {
      "account": "12EqLbWZe5jLsfgESG7L7kaNm2fDjKRpSh1AXu9bQdN2k6vH",
      "freeBalance": 1000000000,
    },
    "method": "Endowed",
    "section": "balances",
  },
  {
    "data": {
      "amount": 1000000000,
      "from": "14iZ76XKqvAgLe4LLRRs6L93BE5779pSNQSWvkX1zXG4YvZ4",
      "to": "12EqLbWZe5jLsfgESG7L7kaNm2fDjKRpSh1AXu9bQdN2k6vH",
    },
    "method": "Transfer",
    "section": "balances",
  },
]
`;
