// Vitest Snapshot v1, https://vitest.dev/guide/snapshot.html

exports[`Polkadot Coretime Accounts > \`transfer_allow_death\` > should allow killing sender account > events when Alice \`transfer_allow_death\` to Bob 1`] = `
[
  {
    "data": {
      "amount": "(rounded 22000000)",
      "who": "1ZLR63GQkKph3XmxzziZ1RrPsL6CrJJ1izhgR1mzMaoHZJA",
    },
    "method": "Withdraw",
    "section": "balances",
  },
]
`;
